Script started on Mon 20 Oct 2014 06:13:58 PM PDT
]0;nat@Nat-Debian: ~/cs100/rshellnat@Nat-Debian:~/cs100/rshell$ bin/rshell 
$ #this is a test to show that rshell cannot handle quotation marks yet
$ echo "hello world"
"hello world"
$ echo "hello
"hello
$ eh cho world"
world"
$ echo hellow    world
hello world
$ 
$ 
$
$ #this is a test to show that rshell cannot process commands in which the parameters are not all separated by spaces. unless they are combined into a single parameter.
$ top i-  -i -c
[?1h=[H[2J[?25l(B[mtop - 18:14:45 up  6:33,  2 users,  load average: 0.02, 0.12, 0.13(B[m[39;49m(B[m[39;49m[K
Tasks:(B[m[39;49m[1m 124 (B[m[39;49mtotal,(B[m[39;49m[1m   1 (B[m[39;49mrunning,(B[m[39;49m[1m 123 (B[m[39;49msleeping,(B[m[39;49m[1m   0 (B[m[39;49mstopped,(B[m[39;49m[1m   0 (B[m[39;49mzombie(B[m[39;49m(B[m[39;49m[K
%Cpu(s):(B[m[39;49m[1m  8.5 (B[m[39;49mus,(B[m[39;49m[1m  2.2 (B[m[39;49msy,(B[m[39;49m[1m  0.0 (B[m[39;49mni,(B[m[39;49m[1m 88.3 (B[m[39;49mid,(B[m[39;49m[1m  0.9 (B[m[39;49mwa,(B[m[39;49m[1m  0.0 (B[m[39;49mhi,(B[m[39;49m[1m  0.2 (B[m[39;49msi,(B[m[39;49m[1m  0.0 (B[m[39;49mst(B[m[39;49m(B[m[39;49m[K
KiB Mem: (B[m[39;49m[1m  1027012 (B[m[39;49mtotal,(B[m[39;49m[1m   720164 (B[m[39;49mused,(B[m[39;49m[1m   306848 (B[m[39;49mfree,(B[m[39;49m[1m    28248 (B[m[39;49mbuffers(B[m[39;49m(B[m[39;49m[K
KiB Swap:(B[m[39;49m[1m   392188 (B[m[39;49mtotal,(B[m[39;49m[1m    95036 (B[m[39;49mused,(B[m[39;49m[1m   297152 (B[m[39;49mfree,(B[m[39;49m[1m   250760 (B[m[39;49mcached(B[m[39;49m(B[m[39;49m[K

[7m  PID USER      PR  NI  VIRT  RES  SHR S  %CPU %MEM    TIME+  COMMAND           (B[m[39;49m
(B[m[1m 7776 nat       20   0 23168 1508 1112 R   6.2  0.1   0:00.01 top -i -c         (B[m[39;49m
[J[6;1H[K[?12l[?25h[25;1H[?12l[?25h
$ op  top -ic
[?1h=[H[2J[?25l(B[mtop - 18:14:50 up  6:33,  2 users,  load average: 0.02, 0.12, 0.13(B[m[39;49m(B[m[39;49m[K
Tasks:(B[m[39;49m[1m 124 (B[m[39;49mtotal,(B[m[39;49m[1m   1 (B[m[39;49mrunning,(B[m[39;49m[1m 123 (B[m[39;49msleeping,(B[m[39;49m[1m   0 (B[m[39;49mstopped,(B[m[39;49m[1m   0 (B[m[39;49mzombie(B[m[39;49m(B[m[39;49m[K
%Cpu(s):(B[m[39;49m[1m  8.5 (B[m[39;49mus,(B[m[39;49m[1m  2.2 (B[m[39;49msy,(B[m[39;49m[1m  0.0 (B[m[39;49mni,(B[m[39;49m[1m 88.3 (B[m[39;49mid,(B[m[39;49m[1m  0.9 (B[m[39;49mwa,(B[m[39;49m[1m  0.0 (B[m[39;49mhi,(B[m[39;49m[1m  0.2 (B[m[39;49msi,(B[m[39;49m[1m  0.0 (B[m[39;49mst(B[m[39;49m(B[m[39;49m[K
KiB Mem: (B[m[39;49m[1m  1027012 (B[m[39;49mtotal,(B[m[39;49m[1m   719908 (B[m[39;49mused,(B[m[39;49m[1m   307104 (B[m[39;49mfree,(B[m[39;49m[1m    28256 (B[m[39;49mbuffers(B[m[39;49m(B[m[39;49m[K
KiB Swap:(B[m[39;49m[1m   392188 (B[m[39;49mtotal,(B[m[39;49m[1m    95036 (B[m[39;49mused,(B[m[39;49m[1m   297152 (B[m[39;49mfree,(B[m[39;49m[1m   250752 (B[m[39;49mcached(B[m[39;49m(B[m[39;49m[K

[7m  PID USER      PR  NI  VIRT  RES  SHR S  %CPU %MEM    TIME+  COMMAND           (B[m[39;49m
[J[6;1H[K[?12l[?25h[H[?25l(B[mtop - 18:14:51 up  6:33,  2 users,  load average: 0.02, 0.12, 0.13(B[m[39;49m(B[m[39;49m[K
KiB Mem: (B[m[39;49m[1m  1027012 (B[m[39;49mtotal,(B[m[39;49m[1m   719908 (B[m[39;49mused,(B[m[39;49m[1m   307104 (B[m[39;49mfree,(B[m[39;49m[1m    28256 (B[m[39;49mbuffers(B[m[39;49m(B[m[39;49m[K
KiB Swap:(B[m[39;49m[1m   392188 (B[m[39;49mtotal,(B[m[39;49m[1m    95036 (B[m[39;49mused,(B[m[39;49m[1m   297152 (B[m[39;49mfree,(B[m[39;49m[1m   250752 (B[m[39;49mcached(B[m[39;49m(B[m[39;49m[K

[7m  PID USER      PR  NI  VIRT  RES  SHR S  %CPU %MEM    TIME+  COMMAND           (B[m[39;49m
(B[m[1m 3684 nat       20   0  309m  13m 6460 R   1.4  1.3   0:43.23 gnome-terminal    (B[m[39;49m
(B[m[1m 7777 nat       20   0 23172 1580 1148 R   1.4  0.2   0:00.02 top -ic           (B[m[39;49m
[J[4;1H[K[?12l[?25h[4;1H[7m Unknown command - try 'h' for help (B[m[39;49m[K[H[?25l(B[mtop - 18:14:52 up  6:33,  2 users,  load average: 0.02, 0.12, 0.13(B[m[39;49m(B[m[39;49m[K




(B[m 7533 root      20   0     0    0    0 S   0.7  0.0   0:00.29 [kworker/0:1]     (B[m[39;49m
[J[4;1H[K[?12l[?25h[4;1H[7m Unknown command - try 'h' for help (B[m[39;49m[K[H[?25l(B[mtop - 18:14:53 up  6:33,  2 users,  load average: 0.02, 0.12, 0.13(B[m[39;49m(B[m[39;49m[K
KiB Mem: (B[m[39;49m[1m  1027012 (B[m[39;49mtotal,(B[m[39;49m[1m   719916 (B[m[39;49mused,(B[m[39;49m[1m   307096 (B[m[39;49mfree,(B[m[39;49m[1m    28256 (B[m[39;49mbuffers(B[m[39;49m(B[m[39;49m[K
KiB Swap:(B[m[39;49m[1m   392188 (B[m[39;49mtotal,(B[m[39;49m[1m    95036 (B[m[39;49mused,(B[m[39;49m[1m   297152 (B[m[39;49mfree,(B[m[39;49m[1m   250768 (B[m[39;49mcached(B[m[39;49m(B[m[39;49m[K


(B[m 3223 nat       20   0 78916  956  808 S   0.8  0.1   0:04.01 /usr/lib/gvfs/gvf (B[m[39;49m
(B[m 7090 root      20   0     0    0    0 S   0.8  0.0   0:00.97 [kworker/0:2]     (B[m[39;49m
[J[4;1H[K[?12l[?25h[H[?25l




[J[4;1H[K[?12l[?25h[25;1H[?12l[?25h
$ top  -i-c
execvp() had an error.
: No such file or directory
$ top -i-c
[?1h=[H[2J[?25l(B[mtop - 18:15:03 up  6:33,  2 users,  load average: 0.02, 0.12, 0.13(B[m[39;49m(B[m[39;49m[K
Tasks:(B[m[39;49m[1m 124 (B[m[39;49mtotal,(B[m[39;49m[1m   1 (B[m[39;49mrunning,(B[m[39;49m[1m 123 (B[m[39;49msleeping,(B[m[39;49m[1m   0 (B[m[39;49mstopped,(B[m[39;49m[1m   0 (B[m[39;49mzombie(B[m[39;49m(B[m[39;49m[K
%Cpu(s):(B[m[39;49m[1m  8.5 (B[m[39;49mus,(B[m[39;49m[1m  2.2 (B[m[39;49msy,(B[m[39;49m[1m  0.0 (B[m[39;49mni,(B[m[39;49m[1m 88.3 (B[m[39;49mid,(B[m[39;49m[1m  0.9 (B[m[39;49mwa,(B[m[39;49m[1m  0.0 (B[m[39;49mhi,(B[m[39;49m[1m  0.2 (B[m[39;49msi,(B[m[39;49m[1m  0.0 (B[m[39;49mst(B[m[39;49m(B[m[39;49m[K
KiB Mem: (B[m[39;49m[1m  1027012 (B[m[39;49mtotal,(B[m[39;49m[1m   720164 (B[m[39;49mused,(B[m[39;49m[1m   306848 (B[m[39;49mfree,(B[m[39;49m[1m    28264 (B[m[39;49mbuffers(B[m[39;49m(B[m[39;49m[K
KiB Swap:(B[m[39;49m[1m   392188 (B[m[39;49mtotal,(B[m[39;49m[1m    95036 (B[m[39;49mused,(B[m[39;49m[1m   297152 (B[m[39;49mfree,(B[m[39;49m[1m   250768 (B[m[39;49mcached(B[m[39;49m(B[m[39;49m[K

[7m  PID USER      PR  NI  VIRT  RES  SHR S  %CPU %MEM    TIME+  COMMAND           (B[m[39;49m
(B[m 2164 root      20   0  223m  99m 3352 S   6.3 10.0   7:13.00 /usr/bin/Xorg :0  (B[m[39;49m
[J[6;1H[K[?12l[?25h[25;1H[?12l[?25h
$ ti ops -i -c
execvp() had an error.
: No such file or directory
$ top -i -c
[?1h=[H[2J[?25l(B[mtop - 18:15:15 up  6:33,  2 users,  load average: 0.01, 0.11, 0.13(B[m[39;49m(B[m[39;49m[K
Tasks:(B[m[39;49m[1m 124 (B[m[39;49mtotal,(B[m[39;49m[1m   1 (B[m[39;49mrunning,(B[m[39;49m[1m 123 (B[m[39;49msleeping,(B[m[39;49m[1m   0 (B[m[39;49mstopped,(B[m[39;49m[1m   0 (B[m[39;49mzombie(B[m[39;49m(B[m[39;49m[K
%Cpu(s):(B[m[39;49m[1m  8.5 (B[m[39;49mus,(B[m[39;49m[1m  2.2 (B[m[39;49msy,(B[m[39;49m[1m  0.0 (B[m[39;49mni,(B[m[39;49m[1m 88.3 (B[m[39;49mid,(B[m[39;49m[1m  0.9 (B[m[39;49mwa,(B[m[39;49m[1m  0.0 (B[m[39;49mhi,(B[m[39;49m[1m  0.2 (B[m[39;49msi,(B[m[39;49m[1m  0.0 (B[m[39;49mst(B[m[39;49m(B[m[39;49m[K
KiB Mem: (B[m[39;49m[1m  1027012 (B[m[39;49mtotal,(B[m[39;49m[1m   720288 (B[m[39;49mused,(B[m[39;49m[1m   306724 (B[m[39;49mfree,(B[m[39;49m[1m    28280 (B[m[39;49mbuffers(B[m[39;49m(B[m[39;49m[K
KiB Swap:(B[m[39;49m[1m   392188 (B[m[39;49mtotal,(B[m[39;49m[1m    95036 (B[m[39;49mused,(B[m[39;49m[1m   297152 (B[m[39;49mfree,(B[m[39;49m[1m   250768 (B[m[39;49mcached(B[m[39;49m(B[m[39;49m[K

[7m  PID USER      PR  NI  VIRT  RES  SHR S  %CPU %MEM    TIME+  COMMAND           (B[m[39;49m
[J[6;1H[K[?12l[?25h[25;1H[?12l[?25h
$ 
$ 
$ 
$ 
$ 
$ 
$ 
$ #this is a test to show that rshell cannot prcocess Ctrl commands such as Ctrl+c and Ctrl+z.
$ ^C
]0;nat@Nat-Debian: ~/cs100/rshellnat@Nat-Debian:~/cs100/rshell$ bin/rshell 
$ ^Z
[1]+  Stopped                 bin/rshell
]0;nat@Nat-Debian: ~/cs100/rshellnat@Nat-Debian:~/cs100/rshell$ fg
bin/rshell
^[OA^[OB        ^C
]0;nat@Nat-Debian: ~/cs100/rshellnat@Nat-Debian:~/cs100/rshell$ exit
exit

Script done on Mon 20 Oct 2014 06:15:37 PM PDT
